// This file is auto-generated by @hey-api/openapi-ts

import { Injectable } from '@angular/core';
import { HttpClient } from '@angular/common/http';
import type { Observable } from 'rxjs';
import { OpenAPI } from './core/OpenAPI';
import { request as __request } from './core/request';
import { type ParentModelWithDatesResponse, type ModelWithDatesResponse, type ModelWithDatesArrayResponse, type ArrayOfDatesResponse, type DateResponse, type MultipleResponsesResponse, ParentModelWithDatesResponseTransformer, ModelWithDatesResponseTransformer, ModelWithDatesArrayResponseTransformer } from './types.gen';

@Injectable({
    providedIn: 'root'
})
export class DefaultService {
    constructor(public readonly http: HttpClient) { }
    
    /**
     * @returns ParentModelWithDates Success
     * @returns unknown Success
     * @throws ApiError
     */
    public parentModelWithDates(): Observable<ParentModelWithDatesResponse> {
        return __request(OpenAPI, this.http, {
            method: 'POST',
            url: '/api/model-with-dates',
            responseTransformer: ParentModelWithDatesResponseTransformer
        });
    }
    
    /**
     * @returns ModelWithDates Success
     * @throws ApiError
     */
    public modelWithDates(): Observable<ModelWithDatesResponse> {
        return __request(OpenAPI, this.http, {
            method: 'PUT',
            url: '/api/model-with-dates',
            responseTransformer: ModelWithDatesResponseTransformer
        });
    }
    
    /**
     * @returns ModelWithDates Success
     * @throws ApiError
     */
    public modelWithDatesArray(): Observable<ModelWithDatesArrayResponse> {
        return __request(OpenAPI, this.http, {
            method: 'PUT',
            url: '/api/model-with-dates-array',
            responseTransformer: ModelWithDatesArrayResponseTransformer
        });
    }
    
    /**
     * @returns string Success
     * @throws ApiError
     */
    public arrayOfDates(): Observable<ArrayOfDatesResponse> {
        return __request(OpenAPI, this.http, {
            method: 'PUT',
            url: '/api/array-of-dates'
        });
    }
    
    /**
     * @returns string Success
     * @throws ApiError
     */
    public date(): Observable<DateResponse> {
        return __request(OpenAPI, this.http, {
            method: 'PUT',
            url: '/api/date'
        });
    }
    
    /**
     * @returns ModelWithDates Updated
     * @returns SimpleModel Created
     * @throws ApiError
     */
    public multipleResponses(): Observable<MultipleResponsesResponse> {
        return __request(OpenAPI, this.http, {
            method: 'PUT',
            url: '/api/multiple-responses'
        });
    }
    
}