// This file is auto-generated by @hey-api/openapi-ts

import type { CancelablePromise } from './core/CancelablePromise';
import { OpenAPI } from './core/OpenAPI';
import { request as __request } from './core/request';
import type { CallWithDefaultParametersData, CallWithDefaultOptionalParametersData, CallToTestOrderOfParamsData } from './types.gen';

export class DefaultsService {
    /**
     * @param data The data for the request.
     * @param data.parameterString This is a simple string with default value
     * @param data.parameterNumber This is a simple number with default value
     * @param data.parameterBoolean This is a simple boolean with default value
     * @param data.parameterEnum This is a simple enum with default value
     * @param data.parameterModel This is a simple model with default value
     * @throws ApiError
     */
    public static callWithDefaultParameters(data: CallWithDefaultParametersData = {}): CancelablePromise<void> {
        return __request(OpenAPI, {
            method: 'GET',
            url: '/api/v{api-version}/defaults',
            query: {
                parameterString: data.parameterString,
                parameterNumber: data.parameterNumber,
                parameterBoolean: data.parameterBoolean,
                parameterEnum: data.parameterEnum,
                parameterModel: data.parameterModel
            }
        });
    }
    
    /**
     * @param data The data for the request.
     * @param data.parameterString This is a simple string that is optional with default value
     * @param data.parameterNumber This is a simple number that is optional with default value
     * @param data.parameterBoolean This is a simple boolean that is optional with default value
     * @param data.parameterEnum This is a simple enum that is optional with default value
     * @param data.parameterModel This is a simple model that is optional with default value
     * @throws ApiError
     */
    public static callWithDefaultOptionalParameters(data: CallWithDefaultOptionalParametersData = {}): CancelablePromise<void> {
        return __request(OpenAPI, {
            method: 'POST',
            url: '/api/v{api-version}/defaults',
            query: {
                parameterString: data.parameterString,
                parameterNumber: data.parameterNumber,
                parameterBoolean: data.parameterBoolean,
                parameterEnum: data.parameterEnum,
                parameterModel: data.parameterModel
            }
        });
    }
    
    /**
     * @param data The data for the request.
     * @param data.parameterStringWithNoDefault This is a string with no default
     * @param data.parameterOptionalStringWithDefault This is a optional string with default
     * @param data.parameterOptionalStringWithEmptyDefault This is a optional string with empty default
     * @param data.parameterOptionalStringWithNoDefault This is a optional string with no default
     * @param data.parameterStringWithDefault This is a string with default
     * @param data.parameterStringWithEmptyDefault This is a string with empty default
     * @param data.parameterStringNullableWithNoDefault This is a string that can be null with no default
     * @param data.parameterStringNullableWithDefault This is a string that can be null with default
     * @throws ApiError
     */
    public static callToTestOrderOfParams(data: CallToTestOrderOfParamsData): CancelablePromise<void> {
        return __request(OpenAPI, {
            method: 'PUT',
            url: '/api/v{api-version}/defaults',
            query: {
                parameterOptionalStringWithDefault: data.parameterOptionalStringWithDefault,
                parameterOptionalStringWithEmptyDefault: data.parameterOptionalStringWithEmptyDefault,
                parameterOptionalStringWithNoDefault: data.parameterOptionalStringWithNoDefault,
                parameterStringWithDefault: data.parameterStringWithDefault,
                parameterStringWithEmptyDefault: data.parameterStringWithEmptyDefault,
                parameterStringWithNoDefault: data.parameterStringWithNoDefault,
                parameterStringNullableWithNoDefault: data.parameterStringNullableWithNoDefault,
                parameterStringNullableWithDefault: data.parameterStringNullableWithDefault
            }
        });
    }
    
}