// This file is auto-generated by @hey-api/openapi-ts
export { ApiClient } from './ApiClient';
export { ApiError } from './core/ApiError';
export { BaseHttpRequest } from './core/BaseHttpRequest';
export { CancelablePromise, CancelError } from './core/CancelablePromise';
export { OpenAPI, type OpenAPIConfig } from './core/OpenAPI';
export * from './sdk.gen';
export * from './types.gen';