// This file is auto-generated by @hey-api/openapi-ts

import type { CancelablePromise } from './core/CancelablePromise';
import type { BaseHttpRequest } from './core/BaseHttpRequest';
import { type ParentModelWithDatesResponse, type ModelWithDatesResponse, type ModelWithDatesArrayResponse, type ArrayOfDatesResponse, type DateResponse, type MultipleResponsesResponse, ParentModelWithDatesResponseTransformer, ModelWithDatesResponseTransformer, ModelWithDatesArrayResponseTransformer } from './types.gen';

export class DefaultService {
    constructor(public readonly httpRequest: BaseHttpRequest) { }
    
    /**
     * @returns ParentModelWithDates Success
     * @returns unknown Success
     * @throws ApiError
     */
    public parentModelWithDates(): CancelablePromise<ParentModelWithDatesResponse> {
        return this.httpRequest.request({
            method: 'POST',
            url: '/api/model-with-dates',
            responseTransformer: ParentModelWithDatesResponseTransformer
        });
    }
    
    /**
     * @returns ModelWithDates Success
     * @throws ApiError
     */
    public modelWithDates(): CancelablePromise<ModelWithDatesResponse> {
        return this.httpRequest.request({
            method: 'PUT',
            url: '/api/model-with-dates',
            responseTransformer: ModelWithDatesResponseTransformer
        });
    }
    
    /**
     * @returns ModelWithDates Success
     * @throws ApiError
     */
    public modelWithDatesArray(): CancelablePromise<ModelWithDatesArrayResponse> {
        return this.httpRequest.request({
            method: 'PUT',
            url: '/api/model-with-dates-array',
            responseTransformer: ModelWithDatesArrayResponseTransformer
        });
    }
    
    /**
     * @returns string Success
     * @throws ApiError
     */
    public arrayOfDates(): CancelablePromise<ArrayOfDatesResponse> {
        return this.httpRequest.request({
            method: 'PUT',
            url: '/api/array-of-dates'
        });
    }
    
    /**
     * @returns string Success
     * @throws ApiError
     */
    public date(): CancelablePromise<DateResponse> {
        return this.httpRequest.request({
            method: 'PUT',
            url: '/api/date'
        });
    }
    
    /**
     * @returns ModelWithDates Updated
     * @returns SimpleModel Created
     * @throws ApiError
     */
    public multipleResponses(): CancelablePromise<MultipleResponsesResponse> {
        return this.httpRequest.request({
            method: 'PUT',
            url: '/api/multiple-responses'
        });
    }
    
}