// This file is auto-generated by @hey-api/openapi-ts

import type { CancelablePromise } from './core/CancelablePromise';
import { OpenAPI } from './core/OpenAPI';
import { request as __request } from './core/request';
import { type ParentModelWithDatesResponse, type ModelWithDatesResponse, type ModelWithDatesArrayResponse, type ArrayOfDatesResponse, type DateResponse, type MultipleResponsesResponse, ParentModelWithDatesResponseTransformer, ModelWithDatesResponseTransformer, ModelWithDatesArrayResponseTransformer } from './types.gen';

export class DefaultService {
    /**
     * @returns ParentModelWithDates Success
     * @returns unknown Success
     * @throws ApiError
     */
    public static parentModelWithDates(): CancelablePromise<ParentModelWithDatesResponse> {
        return __request(OpenAPI, {
            method: 'POST',
            url: '/api/model-with-dates',
            responseTransformer: ParentModelWithDatesResponseTransformer
        });
    }
    
    /**
     * @returns ModelWithDates Success
     * @throws ApiError
     */
    public static modelWithDates(): CancelablePromise<ModelWithDatesResponse> {
        return __request(OpenAPI, {
            method: 'PUT',
            url: '/api/model-with-dates',
            responseTransformer: ModelWithDatesResponseTransformer
        });
    }
    
    /**
     * @returns ModelWithDates Success
     * @throws ApiError
     */
    public static modelWithDatesArray(): CancelablePromise<ModelWithDatesArrayResponse> {
        return __request(OpenAPI, {
            method: 'PUT',
            url: '/api/model-with-dates-array',
            responseTransformer: ModelWithDatesArrayResponseTransformer
        });
    }
    
    /**
     * @returns string Success
     * @throws ApiError
     */
    public static arrayOfDates(): CancelablePromise<ArrayOfDatesResponse> {
        return __request(OpenAPI, {
            method: 'PUT',
            url: '/api/array-of-dates'
        });
    }
    
    /**
     * @returns string Success
     * @throws ApiError
     */
    public static date(): CancelablePromise<DateResponse> {
        return __request(OpenAPI, {
            method: 'PUT',
            url: '/api/date'
        });
    }
    
    /**
     * @returns ModelWithDates Updated
     * @returns SimpleModel Created
     * @throws ApiError
     */
    public static multipleResponses(): CancelablePromise<MultipleResponsesResponse> {
        return __request(OpenAPI, {
            method: 'PUT',
            url: '/api/multiple-responses'
        });
    }
    
}