// This file is auto-generated by @hey-api/openapi-ts
export { ApiError } from './core/ApiError';
export { OpenAPI, type OpenAPIConfig } from './core/OpenAPI';
export * from './sdk.gen';
export * from './types.gen';